  姝ｅ湪纭畾瑕佽繕鍘熺殑椤圭洰鈥?
  鎵€鏈夐」鐩潎鏄渶鏂扮殑锛屾棤娉曡繕鍘熴€?
  Player.Core -> C:\Users\fly\code\Player\Player.Core\bin\Debug\net8.0\Player.Core.dll
C:\Users\fly\code\Player\Player\Helpers\CustomIcon.cs(17,51): warning CS0108: 鈥淐ustomIcon.ForegroundProperty鈥濋殣钘忕户鎵跨殑鎴愬憳鈥淐ontrol.ForegroundProperty鈥濄€傚鏋滄槸鏈夋剰闅愯棌锛岃浣跨敤鍏抽敭瀛?new銆?[C:\Users\fly\code\Player\Player\Player_q3hqpb1d_wpftmp.csproj]
C:\Users\fly\code\Player\Player\Helpers\CustomIcon.cs(27,22): warning CS0108: 鈥淐ustomIcon.Foreground鈥濋殣钘忕户鎵跨殑鎴愬憳鈥淐ontrol.Foreground鈥濄€傚鏋滄槸鏈夋剰闅愯棌锛岃浣跨敤鍏抽敭瀛?new銆?[C:\Users\fly\code\Player\Player\Player_q3hqpb1d_wpftmp.csproj]
C:\Users\fly\code\Player\Player\Left\LeftControl.xaml.cs(27,16): warning CS8618: 鍦ㄩ€€鍑烘瀯閫犲嚱鏁版椂锛屼笉鍙负 null 鐨?瀛楁 "_scrollTimer" 蹇呴』鍖呭惈闈?null 鍊笺€傝鑰冭檻娣诲姞 "required" 淇グ绗︽垨灏嗚 瀛楁 澹版槑涓哄彲涓?null銆?[C:\Users\fly\code\Player\Player\Player_q3hqpb1d_wpftmp.csproj]
C:\Users\fly\code\Player\Player\Left\LeftControl.xaml.cs(27,16): warning CS8618: 鍦ㄩ€€鍑烘瀯閫犲嚱鏁版椂锛屼笉鍙负 null 鐨?浜嬩欢 "SidebarStateChanged" 蹇呴』鍖呭惈闈?null 鍊笺€傝鑰冭檻娣诲姞 "required" 淇グ绗︽垨灏嗚 浜嬩欢 澹版槑涓哄彲涓?null銆?[C:\Users\fly\code\Player\Player\Player_q3hqpb1d_wpftmp.csproj]
C:\Users\fly\code\Player\Player\Middle\FullscreenWindow.xaml.cs(27,16): warning CS8618: 鍦ㄩ€€鍑烘瀯閫犲嚱鏁版椂锛屼笉鍙负 null 鐨?瀛楁 "_mediaPlayer" 蹇呴』鍖呭惈闈?null 鍊笺€傝鑰冭檻娣诲姞 "required" 淇グ绗︽垨灏嗚 瀛楁 澹版槑涓哄彲涓?null銆?[C:\Users\fly\code\Player\Player\Player_q3hqpb1d_wpftmp.csproj]
C:\Users\fly\code\Player\Player\Middle\MiddleControl.xaml.cs(50,49): warning CS8622: 鈥渧oid MiddleControl.MainWindow_StateChanged(object sender, EventArgs e)鈥濈殑鍙傛暟鈥渟ender鈥濈被鍨嬩腑寮曠敤绫诲瀷鐨勪负 Null 鎬т笌鐩爣濮旀墭鈥淓ventHandler鈥濅笉鍖归厤(鍙兘鏄敱浜庝负 Null 鎬х壒鎬?銆?[C:\Users\fly\code\Player\Player\Player_q3hqpb1d_wpftmp.csproj]
C:\Users\fly\code\Player\Player\Middle\MiddleControl.xaml.cs(34,16): warning CS8618: 鍦ㄩ€€鍑烘瀯閫犲嚱鏁版椂锛屼笉鍙负 null 鐨?瀛楁 "_mainWindow" 蹇呴』鍖呭惈闈?null 鍊笺€傝鑰冭檻娣诲姞 "required" 淇グ绗︽垨灏嗚 瀛楁 澹版槑涓哄彲涓?null銆?[C:\Users\fly\code\Player\Player\Player_q3hqpb1d_wpftmp.csproj]
C:\Users\fly\code\Player\Player\Middle\MiddleControl.xaml.cs(34,16): warning CS8618: 鍦ㄩ€€鍑烘瀯閫犲嚱鏁版椂锛屼笉鍙负 null 鐨?瀛楁 "_libVlc" 蹇呴』鍖呭惈闈?null 鍊笺€傝鑰冭檻娣诲姞 "required" 淇グ绗︽垨灏嗚 瀛楁 澹版槑涓哄彲涓?null銆?[C:\Users\fly\code\Player\Player\Player_q3hqpb1d_wpftmp.csproj]
C:\Users\fly\code\Player\Player\Middle\MiddleControl.xaml.cs(34,16): warning CS8618: 鍦ㄩ€€鍑烘瀯閫犲嚱鏁版椂锛屼笉鍙负 null 鐨?瀛楁 "_mediaPlayer" 蹇呴』鍖呭惈闈?null 鍊笺€傝鑰冭檻娣诲姞 "required" 淇グ绗︽垨灏嗚 瀛楁 澹版槑涓哄彲涓?null銆?[C:\Users\fly\code\Player\Player\Player_q3hqpb1d_wpftmp.csproj]
C:\Users\fly\code\Player\Player\Middle\MiddleControl.xaml.cs(34,16): warning CS8618: 鍦ㄩ€€鍑烘瀯閫犲嚱鏁版椂锛屼笉鍙负 null 鐨?瀛楁 "_currentVideoPath" 蹇呴』鍖呭惈闈?null 鍊笺€傝鑰冭檻娣诲姞 "required" 淇グ绗︽垨灏嗚 瀛楁 澹版槑涓哄彲涓?null銆?[C:\Users\fly\code\Player\Player\Player_q3hqpb1d_wpftmp.csproj]
C:\Users\fly\code\Player\Player\Middle\MiddleControl.xaml.cs(34,16): warning CS8618: 鍦ㄩ€€鍑烘瀯閫犲嚱鏁版椂锛屼笉鍙负 null 鐨?瀛楁 "_fullscreenWindow" 蹇呴』鍖呭惈闈?null 鍊笺€傝鑰冭檻娣诲姞 "required" 淇グ绗︽垨灏嗚 瀛楁 澹版槑涓哄彲涓?null銆?[C:\Users\fly\code\Player\Player\Player_q3hqpb1d_wpftmp.csproj]
C:\Users\fly\code\Player\Player\Bottom\BottomControl.xaml.cs(46,36): warning CS8622: 鈥渧oid BottomControl.ProgressTimer_Tick(object sender, EventArgs e)鈥濈殑鍙傛暟鈥渟ender鈥濈被鍨嬩腑寮曠敤绫诲瀷鐨勪负 Null 鎬т笌鐩爣濮旀墭鈥淓ventHandler鈥濅笉鍖归厤(鍙兘鏄敱浜庝负 Null 鎬х壒鎬?銆?[C:\Users\fly\code\Player\Player\Player_q3hqpb1d_wpftmp.csproj]
C:\Users\fly\code\Player\Player\Bottom\BottomControl.xaml.cs(32,16): warning CS8618: 鍦ㄩ€€鍑烘瀯閫犲嚱鏁版椂锛屼笉鍙负 null 鐨?灞炴€?"MiddleControl" 蹇呴』鍖呭惈闈?null 鍊笺€傝鑰冭檻娣诲姞 "required" 淇グ绗︽垨灏嗚 灞炴€?澹版槑涓哄彲涓?null銆?[C:\Users\fly\code\Player\Player\Player_q3hqpb1d_wpftmp.csproj]
C:\Users\fly\code\Player\Player\Helpers\VisualTreeHelperExtensions.cs(19,40): warning CS8603: 鍙兘杩斿洖 null 寮曠敤銆?[C:\Users\fly\code\Player\Player\Player_q3hqpb1d_wpftmp.csproj]
C:\Users\fly\code\Player\Player\Helpers\VisualTreeHelperExtensions.cs(31,20): warning CS8603: 鍙兘杩斿洖 null 寮曠敤銆?[C:\Users\fly\code\Player\Player\Player_q3hqpb1d_wpftmp.csproj]
C:\Users\fly\code\Player\Player\MainWindow.xaml.cs(24,16): warning CS8618: 鍦ㄩ€€鍑烘瀯閫犲嚱鏁版椂锛屼笉鍙负 null 鐨?瀛楁 "middleControl" 蹇呴』鍖呭惈闈?null 鍊笺€傝鑰冭檻娣诲姞 "required" 淇グ绗︽垨灏嗚 瀛楁 澹版槑涓哄彲涓?null銆?[C:\Users\fly\code\Player\Player\Player_q3hqpb1d_wpftmp.csproj]
C:\Users\fly\code\Player\Player\MainWindow.xaml.cs(24,16): warning CS8618: 鍦ㄩ€€鍑烘瀯閫犲嚱鏁版椂锛屼笉鍙负 null 鐨?瀛楁 "bottomControl" 蹇呴』鍖呭惈闈?null 鍊笺€傝鑰冭檻娣诲姞 "required" 淇グ绗︽垨灏嗚 瀛楁 澹版槑涓哄彲涓?null銆?[C:\Users\fly\code\Player\Player\Player_q3hqpb1d_wpftmp.csproj]
C:\Users\fly\code\Player\Player\MainWindow.xaml.cs(49,39): warning CS8622: 鈥渧oid MainWindow.ViewModel_HistorySaved(object sender, EventArgs e)鈥濈殑鍙傛暟鈥渟ender鈥濈被鍨嬩腑寮曠敤绫诲瀷鐨勪负 Null 鎬т笌鐩爣濮旀墭鈥淓ventHandler鈥濅笉鍖归厤(鍙兘鏄敱浜庝负 Null 鎬х壒鎬?銆?[C:\Users\fly\code\Player\Player\Player_q3hqpb1d_wpftmp.csproj]
C:\Users\fly\code\Player\Player\Helpers\CustomDialog.cs(108,20): warning CS8603: 鍙兘杩斿洖 null 寮曠敤銆?[C:\Users\fly\code\Player\Player\Player_q3hqpb1d_wpftmp.csproj]
C:\Users\fly\code\Player\Player\Helpers\VisualTreeHelperExtensions.cs(43,40): warning CS8603: 鍙兘杩斿洖 null 寮曠敤銆?[C:\Users\fly\code\Player\Player\Player_q3hqpb1d_wpftmp.csproj]
C:\Users\fly\code\Player\Player\Helpers\VisualTreeHelperExtensions.cs(55,20): warning CS8603: 鍙兘杩斿洖 null 寮曠敤銆?[C:\Users\fly\code\Player\Player\Player_q3hqpb1d_wpftmp.csproj]
C:\Users\fly\code\Player\Player\Helpers\VisualTreeHelperExtensions.cs(66,39): warning CS8603: 鍙兘杩斿洖 null 寮曠敤銆?[C:\Users\fly\code\Player\Player\Player_q3hqpb1d_wpftmp.csproj]
C:\Users\fly\code\Player\Player\Helpers\VisualTreeHelperExtensions.cs(75,20): warning CS8603: 鍙兘杩斿洖 null 寮曠敤銆?[C:\Users\fly\code\Player\Player\Player_q3hqpb1d_wpftmp.csproj]
C:\Users\fly\code\Player\Player\Helpers\CustomIcon.cs(98,28): warning CS8603: 鍙兘杩斿洖 null 寮曠敤銆?[C:\Users\fly\code\Player\Player\Player_q3hqpb1d_wpftmp.csproj]
C:\Users\fly\code\Player\Player\ViewModel\PlayerViewModel.cs(99,16): warning CS8618: 鍦ㄩ€€鍑烘瀯閫犲嚱鏁版椂锛屼笉鍙负 null 鐨?浜嬩欢 "HistorySaved" 蹇呴』鍖呭惈闈?null 鍊笺€傝鑰冭檻娣诲姞 "required" 淇グ绗︽垨灏嗚 浜嬩欢 澹版槑涓哄彲涓?null銆?[C:\Users\fly\code\Player\Player\Player_q3hqpb1d_wpftmp.csproj]
C:\Users\fly\code\Player\Player\ViewModel\PlayerViewModel.cs(126,33): warning CS8600: 灏?null 鏂囨湰鎴栧彲鑳界殑 null 鍊艰浆鎹负涓嶅彲涓?null 绫诲瀷銆?[C:\Users\fly\code\Player\Player\Player_q3hqpb1d_wpftmp.csproj]
C:\Users\fly\code\Player\Player\Middle\FullscreenWindow.xaml.cs(124,32): warning CS8625: 鏃犳硶灏?null 瀛楅潰閲忚浆鎹负闈?null 鐨勫紩鐢ㄧ被鍨嬨€?[C:\Users\fly\code\Player\Player\Player_q3hqpb1d_wpftmp.csproj]
C:\Users\fly\code\Player\Player\Helpers\ColorPickerDialog.xaml.cs(72,32): warning CS8600: 灏?null 鏂囨湰鎴栧彲鑳界殑 null 鍊艰浆鎹负涓嶅彲涓?null 绫诲瀷銆?[C:\Users\fly\code\Player\Player\Player_q3hqpb1d_wpftmp.csproj]
C:\Users\fly\code\Player\Player\Helpers\ThemeManager.cs(37,59): warning CS8600: 灏?null 鏂囨湰鎴栧彲鑳界殑 null 鍊艰浆鎹负涓嶅彲涓?null 绫诲瀷銆?[C:\Users\fly\code\Player\Player\Player_q3hqpb1d_wpftmp.csproj]
C:\Users\fly\code\Player\Player\Helpers\ColorPickerDialog.xaml.cs(111,17): error CS0103: 褰撳墠涓婁笅鏂囦腑涓嶅瓨鍦ㄥ悕绉扳€淭oastMessageWindow鈥?[C:\Users\fly\code\Player\Player\Player_q3hqpb1d_wpftmp.csproj]
C:\Users\fly\code\Player\Player\Bottom\BottomControl.xaml.cs(134,21): error CS0103: 褰撳墠涓婁笅鏂囦腑涓嶅瓨鍦ㄥ悕绉扳€淭oastMessageWindow鈥?[C:\Users\fly\code\Player\Player\Player_q3hqpb1d_wpftmp.csproj]
C:\Users\fly\code\Player\Player\Helpers\ColorPickerDialog.xaml.cs(123,17): error CS0103: 褰撳墠涓婁笅鏂囦腑涓嶅瓨鍦ㄥ悕绉扳€淭oastMessageWindow鈥?[C:\Users\fly\code\Player\Player\Player_q3hqpb1d_wpftmp.csproj]
C:\Users\fly\code\Player\Player\Helpers\ColorPickerDialog.xaml.cs(137,17): error CS0103: 褰撳墠涓婁笅鏂囦腑涓嶅瓨鍦ㄥ悕绉扳€淭oastMessageWindow鈥?[C:\Users\fly\code\Player\Player\Player_q3hqpb1d_wpftmp.csproj]
C:\Users\fly\code\Player\Player\Left\LeftControl.xaml.cs(129,28): warning CS8625: 鏃犳硶灏?null 瀛楅潰閲忚浆鎹负闈?null 鐨勫紩鐢ㄧ被鍨嬨€?[C:\Users\fly\code\Player\Player\Player_q3hqpb1d_wpftmp.csproj]
C:\Users\fly\code\Player\Player\MainWindow.xaml.cs(214,25): error CS0103: 褰撳墠涓婁笅鏂囦腑涓嶅瓨鍦ㄥ悕绉扳€淭oastMessageWindow鈥?[C:\Users\fly\code\Player\Player\Player_q3hqpb1d_wpftmp.csproj]
C:\Users\fly\code\Player\Player\Middle\MiddleControl.xaml.cs(200,45): warning CS8622: 鈥渧oid MiddleControl.MainWindow_StateChanged(object sender, EventArgs e)鈥濈殑鍙傛暟鈥渟ender鈥濈被鍨嬩腑寮曠敤绫诲瀷鐨勪负 Null 鎬т笌鐩爣濮旀墭鈥淓ventHandler鈥濅笉鍖归厤(鍙兘鏄敱浜庝负 Null 鎬х壒鎬?銆?[C:\Users\fly\code\Player\Player\Player_q3hqpb1d_wpftmp.csproj]
C:\Users\fly\code\Player\Player\Middle\MiddleControl.xaml.cs(205,28): warning CS8625: 鏃犳硶灏?null 瀛楅潰閲忚浆鎹负闈?null 鐨勫紩鐢ㄧ被鍨嬨€?[C:\Users\fly\code\Player\Player\Player_q3hqpb1d_wpftmp.csproj]
C:\Users\fly\code\Player\Player\Middle\MiddleControl.xaml.cs(208,23): warning CS8625: 鏃犳硶灏?null 瀛楅潰閲忚浆鎹负闈?null 鐨勫紩鐢ㄧ被鍨嬨€?[C:\Users\fly\code\Player\Player\Player_q3hqpb1d_wpftmp.csproj]
C:\Users\fly\code\Player\Player\Bottom\BottomControl.xaml.cs(234,49): warning CS8600: 灏?null 鏂囨湰鎴栧彲鑳界殑 null 鍊艰浆鎹负涓嶅彲涓?null 绫诲瀷銆?[C:\Users\fly\code\Player\Player\Player_q3hqpb1d_wpftmp.csproj]
C:\Users\fly\code\Player\Player\Bottom\BottomControl.xaml.cs(240,49): warning CS8601: 鍙兘鐨?null 寮曠敤璧嬪€笺€?[C:\Users\fly\code\Player\Player\Player_q3hqpb1d_wpftmp.csproj]
C:\Users\fly\code\Player\Player\Bottom\BottomControl.xaml.cs(250,57): warning CS8601: 鍙兘鐨?null 寮曠敤璧嬪€笺€?[C:\Users\fly\code\Player\Player\Player_q3hqpb1d_wpftmp.csproj]
C:\Users\fly\code\Player\Player\Middle\MiddleControl.xaml.cs(338,17): error CS0103: 褰撳墠涓婁笅鏂囦腑涓嶅瓨鍦ㄥ悕绉扳€淭oastMessageWindow鈥?[C:\Users\fly\code\Player\Player\Player_q3hqpb1d_wpftmp.csproj]
C:\Users\fly\code\Player\Player\Middle\MiddleControl.xaml.cs(230,32): warning CS8625: 鏃犳硶灏?null 瀛楅潰閲忚浆鎹负闈?null 鐨勫紩鐢ㄧ被鍨嬨€?[C:\Users\fly\code\Player\Player\Player_q3hqpb1d_wpftmp.csproj]
C:\Users\fly\code\Player\Player\Middle\MiddleControl.xaml.cs(233,27): warning CS8625: 鏃犳硶灏?null 瀛楅潰閲忚浆鎹负闈?null 鐨勫紩鐢ㄧ被鍨嬨€?[C:\Users\fly\code\Player\Player\Player_q3hqpb1d_wpftmp.csproj]
C:\Users\fly\code\Player\Player\Left\LeftControl.xaml.cs(195,39): warning CS8602: 瑙ｅ紩鐢ㄥ彲鑳藉嚭鐜扮┖寮曠敤銆?[C:\Users\fly\code\Player\Player\Player_q3hqpb1d_wpftmp.csproj]
C:\Users\fly\code\Player\Player\Left\SettingsDialog.xaml.cs(212,32): warning CS8600: 灏?null 鏂囨湰鎴栧彲鑳界殑 null 鍊艰浆鎹负涓嶅彲涓?null 绫诲瀷銆?[C:\Users\fly\code\Player\Player\Player_q3hqpb1d_wpftmp.csproj]
C:\Users\fly\code\Player\Player\Middle\MiddleControl.xaml.cs(410,46): warning CS8622: 鈥渧oid MiddleControl.MediaPlayer_MediaChanged(object sender, MediaPlayerMediaChangedEventArgs e)鈥濈殑鍙傛暟鈥渟ender鈥濈被鍨嬩腑寮曠敤绫诲瀷鐨勪负 Null 鎬т笌鐩爣濮旀墭鈥淓ventHandler<MediaPlayerMediaChangedEventArgs>鈥濅笉鍖归厤(鍙兘鏄敱浜庝负 Null 鎬х壒鎬?銆?[C:\Users\fly\code\Player\Player\Player_q3hqpb1d_wpftmp.csproj]
C:\Users\fly\code\Player\Player\Middle\MiddleControl.xaml.cs(413,46): warning CS8622: 鈥渧oid MiddleControl.MediaPlayer_MediaChanged(object sender, MediaPlayerMediaChangedEventArgs e)鈥濈殑鍙傛暟鈥渟ender鈥濈被鍨嬩腑寮曠敤绫诲瀷鐨勪负 Null 鎬т笌鐩爣濮旀墭鈥淓ventHandler<MediaPlayerMediaChangedEventArgs>鈥濅笉鍖归厤(鍙兘鏄敱浜庝负 Null 鎬х壒鎬?銆?[C:\Users\fly\code\Player\Player\Player_q3hqpb1d_wpftmp.csproj]
C:\Users\fly\code\Player\Player\Left\SettingsDialog.xaml.cs(353,50): warning CS8601: 鍙兘鐨?null 寮曠敤璧嬪€笺€?[C:\Users\fly\code\Player\Player\Player_q3hqpb1d_wpftmp.csproj]
C:\Users\fly\code\Player\Player\Left\SettingsDialog.xaml.cs(372,52): warning CS8601: 鍙兘鐨?null 寮曠敤璧嬪€笺€?[C:\Users\fly\code\Player\Player\Player_q3hqpb1d_wpftmp.csproj]
C:\Users\fly\code\Player\Player\Middle\MiddleControl.xaml.cs(719,41): warning CS8625: 鏃犳硶灏?null 瀛楅潰閲忚浆鎹负闈?null 鐨勫紩鐢ㄧ被鍨嬨€?[C:\Users\fly\code\Player\Player\Player_q3hqpb1d_wpftmp.csproj]
C:\Users\fly\code\Player\Player\Middle\MiddleControl.xaml.cs(739,41): warning CS8625: 鏃犳硶灏?null 瀛楅潰閲忚浆鎹负闈?null 鐨勫紩鐢ㄧ被鍨嬨€?[C:\Users\fly\code\Player\Player\Player_q3hqpb1d_wpftmp.csproj]

鐢熸垚澶辫触銆?

C:\Users\fly\code\Player\Player\Helpers\CustomIcon.cs(17,51): warning CS0108: 鈥淐ustomIcon.ForegroundProperty鈥濋殣钘忕户鎵跨殑鎴愬憳鈥淐ontrol.ForegroundProperty鈥濄€傚鏋滄槸鏈夋剰闅愯棌锛岃浣跨敤鍏抽敭瀛?new銆?[C:\Users\fly\code\Player\Player\Player_q3hqpb1d_wpftmp.csproj]
C:\Users\fly\code\Player\Player\Helpers\CustomIcon.cs(27,22): warning CS0108: 鈥淐ustomIcon.Foreground鈥濋殣钘忕户鎵跨殑鎴愬憳鈥淐ontrol.Foreground鈥濄€傚鏋滄槸鏈夋剰闅愯棌锛岃浣跨敤鍏抽敭瀛?new銆?[C:\Users\fly\code\Player\Player\Player_q3hqpb1d_wpftmp.csproj]
C:\Users\fly\code\Player\Player\Left\LeftControl.xaml.cs(27,16): warning CS8618: 鍦ㄩ€€鍑烘瀯閫犲嚱鏁版椂锛屼笉鍙负 null 鐨?瀛楁 "_scrollTimer" 蹇呴』鍖呭惈闈?null 鍊笺€傝鑰冭檻娣诲姞 "required" 淇グ绗︽垨灏嗚 瀛楁 澹版槑涓哄彲涓?null銆?[C:\Users\fly\code\Player\Player\Player_q3hqpb1d_wpftmp.csproj]
C:\Users\fly\code\Player\Player\Left\LeftControl.xaml.cs(27,16): warning CS8618: 鍦ㄩ€€鍑烘瀯閫犲嚱鏁版椂锛屼笉鍙负 null 鐨?浜嬩欢 "SidebarStateChanged" 蹇呴』鍖呭惈闈?null 鍊笺€傝鑰冭檻娣诲姞 "required" 淇グ绗︽垨灏嗚 浜嬩欢 澹版槑涓哄彲涓?null銆?[C:\Users\fly\code\Player\Player\Player_q3hqpb1d_wpftmp.csproj]
C:\Users\fly\code\Player\Player\Middle\FullscreenWindow.xaml.cs(27,16): warning CS8618: 鍦ㄩ€€鍑烘瀯閫犲嚱鏁版椂锛屼笉鍙负 null 鐨?瀛楁 "_mediaPlayer" 蹇呴』鍖呭惈闈?null 鍊笺€傝鑰冭檻娣诲姞 "required" 淇グ绗︽垨灏嗚 瀛楁 澹版槑涓哄彲涓?null銆?[C:\Users\fly\code\Player\Player\Player_q3hqpb1d_wpftmp.csproj]
C:\Users\fly\code\Player\Player\Middle\MiddleControl.xaml.cs(50,49): warning CS8622: 鈥渧oid MiddleControl.MainWindow_StateChanged(object sender, EventArgs e)鈥濈殑鍙傛暟鈥渟ender鈥濈被鍨嬩腑寮曠敤绫诲瀷鐨勪负 Null 鎬т笌鐩爣濮旀墭鈥淓ventHandler鈥濅笉鍖归厤(鍙兘鏄敱浜庝负 Null 鎬х壒鎬?銆?[C:\Users\fly\code\Player\Player\Player_q3hqpb1d_wpftmp.csproj]
C:\Users\fly\code\Player\Player\Middle\MiddleControl.xaml.cs(34,16): warning CS8618: 鍦ㄩ€€鍑烘瀯閫犲嚱鏁版椂锛屼笉鍙负 null 鐨?瀛楁 "_mainWindow" 蹇呴』鍖呭惈闈?null 鍊笺€傝鑰冭檻娣诲姞 "required" 淇グ绗︽垨灏嗚 瀛楁 澹版槑涓哄彲涓?null銆?[C:\Users\fly\code\Player\Player\Player_q3hqpb1d_wpftmp.csproj]
C:\Users\fly\code\Player\Player\Middle\MiddleControl.xaml.cs(34,16): warning CS8618: 鍦ㄩ€€鍑烘瀯閫犲嚱鏁版椂锛屼笉鍙负 null 鐨?瀛楁 "_libVlc" 蹇呴』鍖呭惈闈?null 鍊笺€傝鑰冭檻娣诲姞 "required" 淇グ绗︽垨灏嗚 瀛楁 澹版槑涓哄彲涓?null銆?[C:\Users\fly\code\Player\Player\Player_q3hqpb1d_wpftmp.csproj]
C:\Users\fly\code\Player\Player\Middle\MiddleControl.xaml.cs(34,16): warning CS8618: 鍦ㄩ€€鍑烘瀯閫犲嚱鏁版椂锛屼笉鍙负 null 鐨?瀛楁 "_mediaPlayer" 蹇呴』鍖呭惈闈?null 鍊笺€傝鑰冭檻娣诲姞 "required" 淇グ绗︽垨灏嗚 瀛楁 澹版槑涓哄彲涓?null銆?[C:\Users\fly\code\Player\Player\Player_q3hqpb1d_wpftmp.csproj]
C:\Users\fly\code\Player\Player\Middle\MiddleControl.xaml.cs(34,16): warning CS8618: 鍦ㄩ€€鍑烘瀯閫犲嚱鏁版椂锛屼笉鍙负 null 鐨?瀛楁 "_currentVideoPath" 蹇呴』鍖呭惈闈?null 鍊笺€傝鑰冭檻娣诲姞 "required" 淇グ绗︽垨灏嗚 瀛楁 澹版槑涓哄彲涓?null銆?[C:\Users\fly\code\Player\Player\Player_q3hqpb1d_wpftmp.csproj]
C:\Users\fly\code\Player\Player\Middle\MiddleControl.xaml.cs(34,16): warning CS8618: 鍦ㄩ€€鍑烘瀯閫犲嚱鏁版椂锛屼笉鍙负 null 鐨?瀛楁 "_fullscreenWindow" 蹇呴』鍖呭惈闈?null 鍊笺€傝鑰冭檻娣诲姞 "required" 淇グ绗︽垨灏嗚 瀛楁 澹版槑涓哄彲涓?null銆?[C:\Users\fly\code\Player\Player\Player_q3hqpb1d_wpftmp.csproj]
C:\Users\fly\code\Player\Player\Bottom\BottomControl.xaml.cs(46,36): warning CS8622: 鈥渧oid BottomControl.ProgressTimer_Tick(object sender, EventArgs e)鈥濈殑鍙傛暟鈥渟ender鈥濈被鍨嬩腑寮曠敤绫诲瀷鐨勪负 Null 鎬т笌鐩爣濮旀墭鈥淓ventHandler鈥濅笉鍖归厤(鍙兘鏄敱浜庝负 Null 鎬х壒鎬?銆?[C:\Users\fly\code\Player\Player\Player_q3hqpb1d_wpftmp.csproj]
C:\Users\fly\code\Player\Player\Bottom\BottomControl.xaml.cs(32,16): warning CS8618: 鍦ㄩ€€鍑烘瀯閫犲嚱鏁版椂锛屼笉鍙负 null 鐨?灞炴€?"MiddleControl" 蹇呴』鍖呭惈闈?null 鍊笺€傝鑰冭檻娣诲姞 "required" 淇グ绗︽垨灏嗚 灞炴€?澹版槑涓哄彲涓?null銆?[C:\Users\fly\code\Player\Player\Player_q3hqpb1d_wpftmp.csproj]
C:\Users\fly\code\Player\Player\Helpers\VisualTreeHelperExtensions.cs(19,40): warning CS8603: 鍙兘杩斿洖 null 寮曠敤銆?[C:\Users\fly\code\Player\Player\Player_q3hqpb1d_wpftmp.csproj]
C:\Users\fly\code\Player\Player\Helpers\VisualTreeHelperExtensions.cs(31,20): warning CS8603: 鍙兘杩斿洖 null 寮曠敤銆?[C:\Users\fly\code\Player\Player\Player_q3hqpb1d_wpftmp.csproj]
C:\Users\fly\code\Player\Player\MainWindow.xaml.cs(24,16): warning CS8618: 鍦ㄩ€€鍑烘瀯閫犲嚱鏁版椂锛屼笉鍙负 null 鐨?瀛楁 "middleControl" 蹇呴』鍖呭惈闈?null 鍊笺€傝鑰冭檻娣诲姞 "required" 淇グ绗︽垨灏嗚 瀛楁 澹版槑涓哄彲涓?null銆?[C:\Users\fly\code\Player\Player\Player_q3hqpb1d_wpftmp.csproj]
C:\Users\fly\code\Player\Player\MainWindow.xaml.cs(24,16): warning CS8618: 鍦ㄩ€€鍑烘瀯閫犲嚱鏁版椂锛屼笉鍙负 null 鐨?瀛楁 "bottomControl" 蹇呴』鍖呭惈闈?null 鍊笺€傝鑰冭檻娣诲姞 "required" 淇グ绗︽垨灏嗚 瀛楁 澹版槑涓哄彲涓?null銆?[C:\Users\fly\code\Player\Player\Player_q3hqpb1d_wpftmp.csproj]
C:\Users\fly\code\Player\Player\MainWindow.xaml.cs(49,39): warning CS8622: 鈥渧oid MainWindow.ViewModel_HistorySaved(object sender, EventArgs e)鈥濈殑鍙傛暟鈥渟ender鈥濈被鍨嬩腑寮曠敤绫诲瀷鐨勪负 Null 鎬т笌鐩爣濮旀墭鈥淓ventHandler鈥濅笉鍖归厤(鍙兘鏄敱浜庝负 Null 鎬х壒鎬?銆?[C:\Users\fly\code\Player\Player\Player_q3hqpb1d_wpftmp.csproj]
C:\Users\fly\code\Player\Player\Helpers\CustomDialog.cs(108,20): warning CS8603: 鍙兘杩斿洖 null 寮曠敤銆?[C:\Users\fly\code\Player\Player\Player_q3hqpb1d_wpftmp.csproj]
C:\Users\fly\code\Player\Player\Helpers\VisualTreeHelperExtensions.cs(43,40): warning CS8603: 鍙兘杩斿洖 null 寮曠敤銆?[C:\Users\fly\code\Player\Player\Player_q3hqpb1d_wpftmp.csproj]
C:\Users\fly\code\Player\Player\Helpers\VisualTreeHelperExtensions.cs(55,20): warning CS8603: 鍙兘杩斿洖 null 寮曠敤銆?[C:\Users\fly\code\Player\Player\Player_q3hqpb1d_wpftmp.csproj]
C:\Users\fly\code\Player\Player\Helpers\VisualTreeHelperExtensions.cs(66,39): warning CS8603: 鍙兘杩斿洖 null 寮曠敤銆?[C:\Users\fly\code\Player\Player\Player_q3hqpb1d_wpftmp.csproj]
C:\Users\fly\code\Player\Player\Helpers\VisualTreeHelperExtensions.cs(75,20): warning CS8603: 鍙兘杩斿洖 null 寮曠敤銆?[C:\Users\fly\code\Player\Player\Player_q3hqpb1d_wpftmp.csproj]
C:\Users\fly\code\Player\Player\Helpers\CustomIcon.cs(98,28): warning CS8603: 鍙兘杩斿洖 null 寮曠敤銆?[C:\Users\fly\code\Player\Player\Player_q3hqpb1d_wpftmp.csproj]
C:\Users\fly\code\Player\Player\ViewModel\PlayerViewModel.cs(99,16): warning CS8618: 鍦ㄩ€€鍑烘瀯閫犲嚱鏁版椂锛屼笉鍙负 null 鐨?浜嬩欢 "HistorySaved" 蹇呴』鍖呭惈闈?null 鍊笺€傝鑰冭檻娣诲姞 "required" 淇グ绗︽垨灏嗚 浜嬩欢 澹版槑涓哄彲涓?null銆?[C:\Users\fly\code\Player\Player\Player_q3hqpb1d_wpftmp.csproj]
C:\Users\fly\code\Player\Player\ViewModel\PlayerViewModel.cs(126,33): warning CS8600: 灏?null 鏂囨湰鎴栧彲鑳界殑 null 鍊艰浆鎹负涓嶅彲涓?null 绫诲瀷銆?[C:\Users\fly\code\Player\Player\Player_q3hqpb1d_wpftmp.csproj]
C:\Users\fly\code\Player\Player\Middle\FullscreenWindow.xaml.cs(124,32): warning CS8625: 鏃犳硶灏?null 瀛楅潰閲忚浆鎹负闈?null 鐨勫紩鐢ㄧ被鍨嬨€?[C:\Users\fly\code\Player\Player\Player_q3hqpb1d_wpftmp.csproj]
C:\Users\fly\code\Player\Player\Helpers\ColorPickerDialog.xaml.cs(72,32): warning CS8600: 灏?null 鏂囨湰鎴栧彲鑳界殑 null 鍊艰浆鎹负涓嶅彲涓?null 绫诲瀷銆?[C:\Users\fly\code\Player\Player\Player_q3hqpb1d_wpftmp.csproj]
C:\Users\fly\code\Player\Player\Helpers\ThemeManager.cs(37,59): warning CS8600: 灏?null 鏂囨湰鎴栧彲鑳界殑 null 鍊艰浆鎹负涓嶅彲涓?null 绫诲瀷銆?[C:\Users\fly\code\Player\Player\Player_q3hqpb1d_wpftmp.csproj]
C:\Users\fly\code\Player\Player\Left\LeftControl.xaml.cs(129,28): warning CS8625: 鏃犳硶灏?null 瀛楅潰閲忚浆鎹负闈?null 鐨勫紩鐢ㄧ被鍨嬨€?[C:\Users\fly\code\Player\Player\Player_q3hqpb1d_wpftmp.csproj]
C:\Users\fly\code\Player\Player\Middle\MiddleControl.xaml.cs(200,45): warning CS8622: 鈥渧oid MiddleControl.MainWindow_StateChanged(object sender, EventArgs e)鈥濈殑鍙傛暟鈥渟ender鈥濈被鍨嬩腑寮曠敤绫诲瀷鐨勪负 Null 鎬т笌鐩爣濮旀墭鈥淓ventHandler鈥濅笉鍖归厤(鍙兘鏄敱浜庝负 Null 鎬х壒鎬?銆?[C:\Users\fly\code\Player\Player\Player_q3hqpb1d_wpftmp.csproj]
C:\Users\fly\code\Player\Player\Middle\MiddleControl.xaml.cs(205,28): warning CS8625: 鏃犳硶灏?null 瀛楅潰閲忚浆鎹负闈?null 鐨勫紩鐢ㄧ被鍨嬨€?[C:\Users\fly\code\Player\Player\Player_q3hqpb1d_wpftmp.csproj]
C:\Users\fly\code\Player\Player\Middle\MiddleControl.xaml.cs(208,23): warning CS8625: 鏃犳硶灏?null 瀛楅潰閲忚浆鎹负闈?null 鐨勫紩鐢ㄧ被鍨嬨€?[C:\Users\fly\code\Player\Player\Player_q3hqpb1d_wpftmp.csproj]
C:\Users\fly\code\Player\Player\Bottom\BottomControl.xaml.cs(234,49): warning CS8600: 灏?null 鏂囨湰鎴栧彲鑳界殑 null 鍊艰浆鎹负涓嶅彲涓?null 绫诲瀷銆?[C:\Users\fly\code\Player\Player\Player_q3hqpb1d_wpftmp.csproj]
C:\Users\fly\code\Player\Player\Bottom\BottomControl.xaml.cs(240,49): warning CS8601: 鍙兘鐨?null 寮曠敤璧嬪€笺€?[C:\Users\fly\code\Player\Player\Player_q3hqpb1d_wpftmp.csproj]
C:\Users\fly\code\Player\Player\Bottom\BottomControl.xaml.cs(250,57): warning CS8601: 鍙兘鐨?null 寮曠敤璧嬪€笺€?[C:\Users\fly\code\Player\Player\Player_q3hqpb1d_wpftmp.csproj]
C:\Users\fly\code\Player\Player\Middle\MiddleControl.xaml.cs(230,32): warning CS8625: 鏃犳硶灏?null 瀛楅潰閲忚浆鎹负闈?null 鐨勫紩鐢ㄧ被鍨嬨€?[C:\Users\fly\code\Player\Player\Player_q3hqpb1d_wpftmp.csproj]
C:\Users\fly\code\Player\Player\Middle\MiddleControl.xaml.cs(233,27): warning CS8625: 鏃犳硶灏?null 瀛楅潰閲忚浆鎹负闈?null 鐨勫紩鐢ㄧ被鍨嬨€?[C:\Users\fly\code\Player\Player\Player_q3hqpb1d_wpftmp.csproj]
C:\Users\fly\code\Player\Player\Left\LeftControl.xaml.cs(195,39): warning CS8602: 瑙ｅ紩鐢ㄥ彲鑳藉嚭鐜扮┖寮曠敤銆?[C:\Users\fly\code\Player\Player\Player_q3hqpb1d_wpftmp.csproj]
C:\Users\fly\code\Player\Player\Left\SettingsDialog.xaml.cs(212,32): warning CS8600: 灏?null 鏂囨湰鎴栧彲鑳界殑 null 鍊艰浆鎹负涓嶅彲涓?null 绫诲瀷銆?[C:\Users\fly\code\Player\Player\Player_q3hqpb1d_wpftmp.csproj]
C:\Users\fly\code\Player\Player\Middle\MiddleControl.xaml.cs(410,46): warning CS8622: 鈥渧oid MiddleControl.MediaPlayer_MediaChanged(object sender, MediaPlayerMediaChangedEventArgs e)鈥濈殑鍙傛暟鈥渟ender鈥濈被鍨嬩腑寮曠敤绫诲瀷鐨勪负 Null 鎬т笌鐩爣濮旀墭鈥淓ventHandler<MediaPlayerMediaChangedEventArgs>鈥濅笉鍖归厤(鍙兘鏄敱浜庝负 Null 鎬х壒鎬?銆?[C:\Users\fly\code\Player\Player\Player_q3hqpb1d_wpftmp.csproj]
C:\Users\fly\code\Player\Player\Middle\MiddleControl.xaml.cs(413,46): warning CS8622: 鈥渧oid MiddleControl.MediaPlayer_MediaChanged(object sender, MediaPlayerMediaChangedEventArgs e)鈥濈殑鍙傛暟鈥渟ender鈥濈被鍨嬩腑寮曠敤绫诲瀷鐨勪负 Null 鎬т笌鐩爣濮旀墭鈥淓ventHandler<MediaPlayerMediaChangedEventArgs>鈥濅笉鍖归厤(鍙兘鏄敱浜庝负 Null 鎬х壒鎬?銆?[C:\Users\fly\code\Player\Player\Player_q3hqpb1d_wpftmp.csproj]
C:\Users\fly\code\Player\Player\Left\SettingsDialog.xaml.cs(353,50): warning CS8601: 鍙兘鐨?null 寮曠敤璧嬪€笺€?[C:\Users\fly\code\Player\Player\Player_q3hqpb1d_wpftmp.csproj]
C:\Users\fly\code\Player\Player\Left\SettingsDialog.xaml.cs(372,52): warning CS8601: 鍙兘鐨?null 寮曠敤璧嬪€笺€?[C:\Users\fly\code\Player\Player\Player_q3hqpb1d_wpftmp.csproj]
C:\Users\fly\code\Player\Player\Middle\MiddleControl.xaml.cs(719,41): warning CS8625: 鏃犳硶灏?null 瀛楅潰閲忚浆鎹负闈?null 鐨勫紩鐢ㄧ被鍨嬨€?[C:\Users\fly\code\Player\Player\Player_q3hqpb1d_wpftmp.csproj]
C:\Users\fly\code\Player\Player\Middle\MiddleControl.xaml.cs(739,41): warning CS8625: 鏃犳硶灏?null 瀛楅潰閲忚浆鎹负闈?null 鐨勫紩鐢ㄧ被鍨嬨€?[C:\Users\fly\code\Player\Player\Player_q3hqpb1d_wpftmp.csproj]
C:\Users\fly\code\Player\Player\Helpers\ColorPickerDialog.xaml.cs(111,17): error CS0103: 褰撳墠涓婁笅鏂囦腑涓嶅瓨鍦ㄥ悕绉扳€淭oastMessageWindow鈥?[C:\Users\fly\code\Player\Player\Player_q3hqpb1d_wpftmp.csproj]
C:\Users\fly\code\Player\Player\Bottom\BottomControl.xaml.cs(134,21): error CS0103: 褰撳墠涓婁笅鏂囦腑涓嶅瓨鍦ㄥ悕绉扳€淭oastMessageWindow鈥?[C:\Users\fly\code\Player\Player\Player_q3hqpb1d_wpftmp.csproj]
C:\Users\fly\code\Player\Player\Helpers\ColorPickerDialog.xaml.cs(123,17): error CS0103: 褰撳墠涓婁笅鏂囦腑涓嶅瓨鍦ㄥ悕绉扳€淭oastMessageWindow鈥?[C:\Users\fly\code\Player\Player\Player_q3hqpb1d_wpftmp.csproj]
C:\Users\fly\code\Player\Player\Helpers\ColorPickerDialog.xaml.cs(137,17): error CS0103: 褰撳墠涓婁笅鏂囦腑涓嶅瓨鍦ㄥ悕绉扳€淭oastMessageWindow鈥?[C:\Users\fly\code\Player\Player\Player_q3hqpb1d_wpftmp.csproj]
C:\Users\fly\code\Player\Player\MainWindow.xaml.cs(214,25): error CS0103: 褰撳墠涓婁笅鏂囦腑涓嶅瓨鍦ㄥ悕绉扳€淭oastMessageWindow鈥?[C:\Users\fly\code\Player\Player\Player_q3hqpb1d_wpftmp.csproj]
C:\Users\fly\code\Player\Player\Middle\MiddleControl.xaml.cs(338,17): error CS0103: 褰撳墠涓婁笅鏂囦腑涓嶅瓨鍦ㄥ悕绉扳€淭oastMessageWindow鈥?[C:\Users\fly\code\Player\Player\Player_q3hqpb1d_wpftmp.csproj]
    46 涓鍛?
    6 涓敊璇?

宸茬敤鏃堕棿 00:00:00.83
